ME: P2_4_10_8_524_64_27_0
PS: P2_4_10_8_524_64_27_0
cpl[0]=Complex(0,0)
cpl[1]=(((-(i))/(sqrt{2}))*(g_1/sintheta_W))*(V_{00})
cpl[1]=(((-(i))/(sqrt{2}))*(g_1/sintheta_W))*(V_{11})
cpl[1]=(((-(i))/(sqrt{2}))*(g_1/sintheta_W))*(V_{22})
cpl[1]=((-(i))/(sqrt{2}))*(g_1/sintheta_W)
cpl[2]=((-(g_1))*(i))*(Q_{c})
cpl[2]=((-(g_1))*(i))*(Q_{t})
cpl[2]=((-(g_1))*(i))*(Q_{u})
cpl[3]=(-(g_3))*(i)
cpl[4]=(((i)*(g_1))*(Q_{W^{+}}))*(g_1^{gamma})
cpl[4]=(((i)*(g_1))*(Q_{W^{+}}))*(kappa^{gamma})
cpl[4]=((-(g_1))*(i))*(Q_{e^{-}})
cpl[4]=((-(g_1))*(i))*(Q_{mu^{-}})
cpl[4]=((-(g_1))*(i))*(Q_{tau^{-}})
cpl[4]=((i)*(g_1))*(Q_{W^{+}})
cpl[5]=((-(g_1))*(i))*(Q_{b})
cpl[5]=((-(g_1))*(i))*(Q_{d})
cpl[5]=((-(g_1))*(i))*(Q_{s})
cpl[6]=Complex(1,0)
cpl[7]=((((i)*(g_1))*(Q_{W^{+}}))*(lambdat^{gamma}))/((M_{W^{+}})*(M_{W^{+}}))
fl[0]=21
fl[1]=2
fl[2]=22
fl[3]=12
fl[4]=11
fl[5]=1
fl[6]=2
fl[7]=2
fl[8]=24
fl[9]=24
fl[10]=24
fl[11]=24
fl[12]=24
fl[13]=24
fl[14]=24
fl[15]=24
fl[16]=24
fl[17]=24
fl[18]=2
fl[19]=1
fl[20]=11
fl[21]=1
fl[22]=1
fl[23]=21
fl[24]=21
fl[25]=22
fl[26]=22
